{
    "$frictionless": "package/v2",
    "resources": [
        {
            "name": "xy_rate_without_metadata",
            "type": "table",
            "path": "xy_rate_without_metadata.csv",
            "scheme": "file",
            "format": "csv",
            "mediatype": "text/csv",
            "encoding": "utf-8",
            "schema": {
                "fields": [
                    {
                        "name": "t",
                        "type": "number",
                        "unit": "s"
                    },
                    {
                        "name": "E",
                        "type": "number",
                        "unit": "V",
                        "reference": "unknown"
                    },
                    {
                        "name": "j",
                        "type": "number",
                        "unit": "A / m2"
                    }
                ]
            }
        }
    ],
    "experimental": {
        "tags": []
    },
    "source": {
        "figure": "",
        "curve": "label"
    },
    "figure description": {
        "version": 1,
        "type": "digitized",
        "simultaneous measurements": [],
        "measurement type": "CV",
        "fields": [
            {
                "name": "E",
                "type": "number",
                "unit": "V",
                "orientation": "x",
                "reference": "unknown"
            },
            {
                "name": "j",
                "type": "number",
                "unit": "uA cm-2",
                "orientation": "y"
            }
        ],
        "comment": "",
        "scan rate": {
            "value": 50.0,
            "unit": "mV / s"
        }
    },
    "data description": {
        "version": 1,
        "type": "digitized",
        "measurement type": "CV"
    }
}
